// Jest Snapshot v1, https://goo.gl/fbAQLP

exports[`Quiz renders correctly 1`] = `
<div
  className="page"
>
  <h1>
    Quiz Page
  </h1>
  <div
    className="questionGrid"
    data-testid="QuestionGrid-Test-input"
  >
    <div
      className="slide"
      data-testid="QuestionTile-1"
    >
      <p>
        question1
      </p>
      <input
        list="markers"
        max="5"
        min="1"
        onChange={[Function]}
        type="range"
        value={3}
      />
      <datalist
        id="markers"
      >
        <option
          value="1"
        />
        <option
          value="2"
        />
        <option
          value="3"
        />
        <option
          value="4"
        />
        <option
          value="5"
        />
      </datalist>
    </div>
    <div
      className="slide"
      data-testid="QuestionTile-1"
    >
      <p>
        question2
      </p>
      <input
        list="markers"
        max="5"
        min="1"
        onChange={[Function]}
        type="range"
        value={3}
      />
      <datalist
        id="markers"
      >
        <option
          value="1"
        />
        <option
          value="2"
        />
        <option
          value="3"
        />
        <option
          value="4"
        />
        <option
          value="5"
        />
      </datalist>
    </div>
    <div
      className="slide"
      data-testid="QuestionTile-1"
    >
      <p>
        question3
      </p>
      <input
        list="markers"
        max="5"
        min="1"
        onChange={[Function]}
        type="range"
        value={3}
      />
      <datalist
        id="markers"
      >
        <option
          value="1"
        />
        <option
          value="2"
        />
        <option
          value="3"
        />
        <option
          value="4"
        />
        <option
          value="5"
        />
      </datalist>
    </div>
  </div>
  <button
    onClick={[Function]}
  >
    Submit Answers
  </button>
  <br />
  <a
    href="/"
    onClick={[Function]}
  >
    Go home
  </a>
</div>
`;
